// Jest Snapshot v1, https://goo.gl/fbAQLP

exports[`colorpicker display color picker 1`] = `
<section>
  <button
    onClick={[Function]}
  >
    Red
  </button>
  <button
    onClick={[Function]}
  >
    Green
  </button>
  <button
    onClick={[Function]}
  >
    Blue
  </button>
</section>
`;
